------------------------------------------------------------
Timing Analyzer Summary
------------------------------------------------------------

Type  : Slow 1200mV 85C Model Setup 'frequency_scaler:b2v_inst1|clk_1MHz'
Slack : -2.363
TNS   : -19.983

Type  : Slow 1200mV 85C Model Setup 'clk_50MHz'
Slack : -1.467
TNS   : -4.145

Type  : Slow 1200mV 85C Model Hold 'frequency_scaler:b2v_inst1|clk_1MHz'
Slack : 0.342
TNS   : 0.000

Type  : Slow 1200mV 85C Model Hold 'clk_50MHz'
Slack : 0.358
TNS   : 0.000

Type  : Slow 1200mV 85C Model Minimum Pulse Width 'clk_50MHz'
Slack : -3.000
TNS   : -9.000

Type  : Slow 1200mV 85C Model Minimum Pulse Width 'frequency_scaler:b2v_inst1|clk_1MHz'
Slack : -1.000
TNS   : -13.000

Type  : Slow 1200mV 0C Model Setup 'frequency_scaler:b2v_inst1|clk_1MHz'
Slack : -2.012
TNS   : -16.527

Type  : Slow 1200mV 0C Model Setup 'clk_50MHz'
Slack : -1.199
TNS   : -3.035

Type  : Slow 1200mV 0C Model Hold 'frequency_scaler:b2v_inst1|clk_1MHz'
Slack : 0.299
TNS   : 0.000

Type  : Slow 1200mV 0C Model Hold 'clk_50MHz'
Slack : 0.312
TNS   : 0.000

Type  : Slow 1200mV 0C Model Minimum Pulse Width 'clk_50MHz'
Slack : -3.000
TNS   : -9.000

Type  : Slow 1200mV 0C Model Minimum Pulse Width 'frequency_scaler:b2v_inst1|clk_1MHz'
Slack : -1.000
TNS   : -13.000

Type  : Fast 1200mV 0C Model Setup 'frequency_scaler:b2v_inst1|clk_1MHz'
Slack : -0.890
TNS   : -5.773

Type  : Fast 1200mV 0C Model Setup 'clk_50MHz'
Slack : -0.390
TNS   : -0.390

Type  : Fast 1200mV 0C Model Hold 'frequency_scaler:b2v_inst1|clk_1MHz'
Slack : 0.175
TNS   : 0.000

Type  : Fast 1200mV 0C Model Hold 'clk_50MHz'
Slack : 0.187
TNS   : 0.000

Type  : Fast 1200mV 0C Model Minimum Pulse Width 'clk_50MHz'
Slack : -3.000
TNS   : -9.336

Type  : Fast 1200mV 0C Model Minimum Pulse Width 'frequency_scaler:b2v_inst1|clk_1MHz'
Slack : -1.000
TNS   : -13.000

------------------------------------------------------------
